[2025-06-03T11:19:03.820+0530][0.007s] Using G1
[2025-06-03T11:19:03.824+0530][0.011s] Version: 17.0.8+9-LTS-211 (release)
[2025-06-03T11:19:03.824+0530][0.011s] CPUs: 8 total, 8 available
[2025-06-03T11:19:03.824+0530][0.011s] Memory: 16384M
[2025-06-03T11:19:03.824+0530][0.011s] Large Page Support: Disabled
[2025-06-03T11:19:03.824+0530][0.011s] NUMA Support: Disabled
[2025-06-03T11:19:03.824+0530][0.012s] Compressed Oops: Enabled (Zero based)
[2025-06-03T11:19:03.824+0530][0.012s] Heap Region Size: 1M
[2025-06-03T11:19:03.824+0530][0.012s] Heap Min Capacity: 512M
[2025-06-03T11:19:03.824+0530][0.012s] Heap Initial Capacity: 512M
[2025-06-03T11:19:03.824+0530][0.012s] Heap Max Capacity: 2G
[2025-06-03T11:19:03.824+0530][0.012s] Pre-touch: Disabled
[2025-06-03T11:19:03.824+0530][0.012s] Parallel Workers: 8
[2025-06-03T11:19:03.824+0530][0.012s] Concurrent Workers: 2
[2025-06-03T11:19:03.824+0530][0.012s] Concurrent Refinement Workers: 8
[2025-06-03T11:19:03.824+0530][0.012s] Periodic GC: Disabled
[2025-06-03T11:19:03.832+0530][0.020s] CDS archive(s) mapped at: [0x0000000125000000-0x0000000125be4000-0x0000000125be4000), size 12468224, SharedBaseAddress: 0x0000000125000000, ArchiveRelocationMode: 1.
[2025-06-03T11:19:03.832+0530][0.020s] Compressed class space mapped at: 0x0000000126000000-0x000000012d000000, reserved size: 117440512
[2025-06-03T11:19:03.832+0530][0.020s] Narrow klass base: 0x0000000125000000, Narrow klass shift: 0, Narrow klass range: 0x100000000
[2025-06-03T11:19:04.418+0530][0.606s] GC(0) Pause Young (Normal) (G1 Evacuation Pause)
[2025-06-03T11:19:04.419+0530][0.607s] GC(0) Using 8 workers of 8 for evacuation
[2025-06-03T11:19:04.422+0530][0.609s] GC(0) Skipped phase 1 of Reference Processing: no references
[2025-06-03T11:19:04.422+0530][0.609s] GC(0) ReferenceProcessor::execute queues: 1, RefProcThreadModel::Single, marks_oops_alive: false
[2025-06-03T11:19:04.422+0530][0.609s] GC(0) Skipped phase 3 of Reference Processing: no references
[2025-06-03T11:19:04.422+0530][0.609s] GC(0) ReferenceProcessor::execute queues: 1, RefProcThreadModel::Single, marks_oops_alive: false
[2025-06-03T11:19:04.422+0530][0.610s] GC(0)   Pre Evacuate Collection Set: 0.1ms
[2025-06-03T11:19:04.422+0530][0.610s] GC(0)   Merge Heap Roots: 0.1ms
[2025-06-03T11:19:04.422+0530][0.610s] GC(0)   Evacuate Collection Set: 2.3ms
[2025-06-03T11:19:04.422+0530][0.610s] GC(0)   Post Evacuate Collection Set: 0.4ms
[2025-06-03T11:19:04.422+0530][0.610s] GC(0)   Other: 0.7ms
[2025-06-03T11:19:04.422+0530][0.610s] GC(0) Eden regions: 25->0(45)
[2025-06-03T11:19:04.422+0530][0.610s] GC(0) Survivor regions: 0->3(4)
[2025-06-03T11:19:04.422+0530][0.610s] GC(0) Old regions: 0->0
[2025-06-03T11:19:04.422+0530][0.610s] GC(0) Archive regions: 2->2
[2025-06-03T11:19:04.422+0530][0.610s] GC(0) Humongous regions: 0->0
[2025-06-03T11:19:04.422+0530][0.610s] GC(0) Metaspace: 5645K(5952K)->5645K(5952K) NonClass: 4961K(5120K)->4961K(5120K) Class: 684K(832K)->684K(832K)
[2025-06-03T11:19:04.422+0530][0.610s] GC(0) Pause Young (Normal) (G1 Evacuation Pause) 25M->3M(514M) 3.795ms
[2025-06-03T11:19:04.422+0530][0.610s] GC(0) User=0.02s Sys=0.00s Real=0.01s
[2025-06-03T11:19:05.147+0530][1.335s] GC(1) Pause Young (Normal) (G1 Evacuation Pause)
[2025-06-03T11:19:05.148+0530][1.335s] GC(1) Using 8 workers of 8 for evacuation
[2025-06-03T11:19:05.152+0530][1.340s] GC(1) Skipped phase 1 of Reference Processing: no references
[2025-06-03T11:19:05.152+0530][1.340s] GC(1) ReferenceProcessor::execute queues: 2, RefProcThreadModel::Multi, marks_oops_alive: false
[2025-06-03T11:19:05.152+0530][1.340s] GC(1) Skipped phase 3 of Reference Processing: no references
[2025-06-03T11:19:05.152+0530][1.340s] GC(1) ReferenceProcessor::execute queues: 2, RefProcThreadModel::Multi, marks_oops_alive: false
[2025-06-03T11:19:05.153+0530][1.340s] GC(1)   Pre Evacuate Collection Set: 0.1ms
[2025-06-03T11:19:05.153+0530][1.340s] GC(1)   Merge Heap Roots: 0.1ms
[2025-06-03T11:19:05.153+0530][1.340s] GC(1)   Evacuate Collection Set: 4.4ms
[2025-06-03T11:19:05.153+0530][1.340s] GC(1)   Post Evacuate Collection Set: 0.6ms
[2025-06-03T11:19:05.153+0530][1.340s] GC(1)   Other: 0.2ms
[2025-06-03T11:19:05.153+0530][1.340s] GC(1) Eden regions: 45->0(130)
[2025-06-03T11:19:05.153+0530][1.340s] GC(1) Survivor regions: 3->5(6)
[2025-06-03T11:19:05.153+0530][1.340s] GC(1) Old regions: 0->0
[2025-06-03T11:19:05.153+0530][1.340s] GC(1) Archive regions: 2->2
[2025-06-03T11:19:05.153+0530][1.340s] GC(1) Humongous regions: 0->0
[2025-06-03T11:19:05.153+0530][1.340s] GC(1) Metaspace: 12914K(13248K)->12914K(13248K) NonClass: 11198K(11392K)->11198K(11392K) Class: 1716K(1856K)->1716K(1856K)
[2025-06-03T11:19:05.153+0530][1.340s] GC(1) Pause Young (Normal) (G1 Evacuation Pause) 48M->5M(514M) 5.574ms
[2025-06-03T11:19:05.153+0530][1.340s] GC(1) User=0.03s Sys=0.01s Real=0.01s
[2025-06-03T11:19:07.010+0530][3.197s] GC(2) Pause Young (Normal) (G1 Evacuation Pause)
[2025-06-03T11:19:07.010+0530][3.197s] GC(2) Using 8 workers of 8 for evacuation
[2025-06-03T11:19:07.028+0530][3.216s] GC(2) Skipped phase 1 of Reference Processing: no references
[2025-06-03T11:19:07.028+0530][3.216s] GC(2) ReferenceProcessor::execute queues: 2, RefProcThreadModel::Multi, marks_oops_alive: false
[2025-06-03T11:19:07.028+0530][3.216s] GC(2) Skipped phase 3 of Reference Processing: no references
[2025-06-03T11:19:07.028+0530][3.216s] GC(2) ReferenceProcessor::execute queues: 1, RefProcThreadModel::Single, marks_oops_alive: false
[2025-06-03T11:19:07.029+0530][3.216s] GC(2)   Pre Evacuate Collection Set: 0.1ms
[2025-06-03T11:19:07.029+0530][3.216s] GC(2)   Merge Heap Roots: 0.1ms
[2025-06-03T11:19:07.029+0530][3.216s] GC(2)   Evacuate Collection Set: 17.9ms
[2025-06-03T11:19:07.029+0530][3.216s] GC(2)   Post Evacuate Collection Set: 0.9ms
[2025-06-03T11:19:07.029+0530][3.216s] GC(2)   Other: 0.3ms
[2025-06-03T11:19:07.029+0530][3.216s] GC(2) Eden regions: 130->0(275)
[2025-06-03T11:19:07.029+0530][3.216s] GC(2) Survivor regions: 5->9(17)
[2025-06-03T11:19:07.029+0530][3.216s] GC(2) Old regions: 0->0
[2025-06-03T11:19:07.029+0530][3.216s] GC(2) Archive regions: 2->2
[2025-06-03T11:19:07.029+0530][3.217s] GC(2) Humongous regions: 0->0
[2025-06-03T11:19:07.029+0530][3.217s] GC(2) Metaspace: 14740K(15168K)->14740K(15168K) NonClass: 12803K(13056K)->12803K(13056K) Class: 1937K(2112K)->1937K(2112K)
[2025-06-03T11:19:07.029+0530][3.217s] GC(2) Pause Young (Normal) (G1 Evacuation Pause) 135M->9M(514M) 19.406ms
[2025-06-03T11:19:07.029+0530][3.217s] GC(2) User=0.09s Sys=0.02s Real=0.01s
[2025-06-03T11:19:10.183+0530][6.370s] GC(3) Pause Young (Normal) (G1 Evacuation Pause)
[2025-06-03T11:19:10.183+0530][6.370s] GC(3) Using 8 workers of 8 for evacuation
[2025-06-03T11:19:10.236+0530][6.424s] GC(3) Skipped phase 1 of Reference Processing: no references
[2025-06-03T11:19:10.236+0530][6.424s] GC(3) ReferenceProcessor::execute queues: 2, RefProcThreadModel::Multi, marks_oops_alive: false
[2025-06-03T11:19:10.236+0530][6.424s] GC(3) Skipped phase 3 of Reference Processing: no references
[2025-06-03T11:19:10.236+0530][6.424s] GC(3) ReferenceProcessor::execute queues: 1, RefProcThreadModel::Single, marks_oops_alive: false
[2025-06-03T11:19:10.237+0530][6.425s] GC(3)   Pre Evacuate Collection Set: 0.1ms
[2025-06-03T11:19:10.237+0530][6.425s] GC(3)   Merge Heap Roots: 0.1ms
[2025-06-03T11:19:10.237+0530][6.425s] GC(3)   Evacuate Collection Set: 52.9ms
[2025-06-03T11:19:10.237+0530][6.425s] GC(3)   Post Evacuate Collection Set: 1.1ms
[2025-06-03T11:19:10.237+0530][6.425s] GC(3)   Other: 0.2ms
[2025-06-03T11:19:10.237+0530][6.425s] GC(3) Eden regions: 275->0(289)
[2025-06-03T11:19:10.237+0530][6.425s] GC(3) Survivor regions: 9->18(36)
[2025-06-03T11:19:10.237+0530][6.425s] GC(3) Old regions: 0->0
[2025-06-03T11:19:10.237+0530][6.425s] GC(3) Archive regions: 2->2
[2025-06-03T11:19:10.237+0530][6.425s] GC(3) Humongous regions: 0->0
[2025-06-03T11:19:10.237+0530][6.425s] GC(3) Metaspace: 14750K(15168K)->14750K(15168K) NonClass: 12813K(13056K)->12813K(13056K) Class: 1937K(2112K)->1937K(2112K)
[2025-06-03T11:19:10.237+0530][6.425s] GC(3) Pause Young (Normal) (G1 Evacuation Pause) 284M->18M(514M) 54.540ms
[2025-06-03T11:19:10.237+0530][6.425s] GC(3) User=0.14s Sys=0.07s Real=0.05s
[2025-06-03T11:19:13.890+0530][10.078s] GC(4) Pause Young (Normal) (G1 Evacuation Pause)
[2025-06-03T11:19:13.890+0530][10.078s] GC(4) Using 8 workers of 8 for evacuation
[2025-06-03T11:19:13.982+0530][10.170s] GC(4) Skipped phase 1 of Reference Processing: no references
[2025-06-03T11:19:13.982+0530][10.170s] GC(4) ReferenceProcessor::execute queues: 2, RefProcThreadModel::Multi, marks_oops_alive: false
[2025-06-03T11:19:13.982+0530][10.170s] GC(4) Skipped phase 3 of Reference Processing: no references
[2025-06-03T11:19:13.982+0530][10.170s] GC(4) ReferenceProcessor::execute queues: 1, RefProcThreadModel::Single, marks_oops_alive: false
[2025-06-03T11:19:13.983+0530][10.171s] GC(4)   Pre Evacuate Collection Set: 0.1ms
[2025-06-03T11:19:13.983+0530][10.171s] GC(4)   Merge Heap Roots: 0.2ms
[2025-06-03T11:19:13.983+0530][10.171s] GC(4)   Evacuate Collection Set: 91.4ms
[2025-06-03T11:19:13.983+0530][10.171s] GC(4)   Post Evacuate Collection Set: 1.1ms
[2025-06-03T11:19:13.983+0530][10.171s] GC(4)   Other: 0.3ms
[2025-06-03T11:19:13.983+0530][10.171s] GC(4) Eden regions: 289->0(278)
[2025-06-03T11:19:13.983+0530][10.171s] GC(4) Survivor regions: 18->29(39)
[2025-06-03T11:19:13.983+0530][10.171s] GC(4) Old regions: 0->0
[2025-06-03T11:19:13.983+0530][10.171s] GC(4) Archive regions: 2->2
[2025-06-03T11:19:13.983+0530][10.171s] GC(4) Humongous regions: 0->0
[2025-06-03T11:19:13.983+0530][10.171s] GC(4) Metaspace: 14750K(15168K)->14750K(15168K) NonClass: 12813K(13056K)->12813K(13056K) Class: 1937K(2112K)->1937K(2112K)
[2025-06-03T11:19:13.983+0530][10.171s] GC(4) Pause Young (Normal) (G1 Evacuation Pause) 307M->29M(514M) 93.171ms
[2025-06-03T11:19:13.983+0530][10.171s] GC(4) User=0.23s Sys=0.10s Real=0.09s
[2025-06-03T11:19:18.315+0530][14.503s] GC(5) Pause Young (Normal) (G1 Evacuation Pause)
[2025-06-03T11:19:18.315+0530][14.503s] GC(5) Using 8 workers of 8 for evacuation
[2025-06-03T11:19:18.430+0530][14.618s] GC(5) Skipped phase 1 of Reference Processing: no references
[2025-06-03T11:19:18.430+0530][14.618s] GC(5) ReferenceProcessor::execute queues: 1, RefProcThreadModel::Single, marks_oops_alive: false
[2025-06-03T11:19:18.430+0530][14.618s] GC(5) Skipped phase 3 of Reference Processing: no references
[2025-06-03T11:19:18.430+0530][14.618s] GC(5) ReferenceProcessor::execute queues: 1, RefProcThreadModel::Single, marks_oops_alive: false
[2025-06-03T11:19:18.431+0530][14.619s] GC(5)   Pre Evacuate Collection Set: 0.1ms
[2025-06-03T11:19:18.431+0530][14.619s] GC(5)   Merge Heap Roots: 0.1ms
[2025-06-03T11:19:18.431+0530][14.619s] GC(5)   Evacuate Collection Set: 114.4ms
[2025-06-03T11:19:18.431+0530][14.619s] GC(5)   Post Evacuate Collection Set: 0.7ms
[2025-06-03T11:19:18.431+0530][14.619s] GC(5)   Other: 0.2ms
[2025-06-03T11:19:18.431+0530][14.619s] GC(5) Eden regions: 278->0(282)
[2025-06-03T11:19:18.431+0530][14.619s] GC(5) Survivor regions: 29->25(39)
[2025-06-03T11:19:18.431+0530][14.619s] GC(5) Old regions: 0->17
[2025-06-03T11:19:18.431+0530][14.619s] GC(5) Archive regions: 2->2
[2025-06-03T11:19:18.431+0530][14.619s] GC(5) Humongous regions: 0->0
[2025-06-03T11:19:18.431+0530][14.619s] GC(5) Metaspace: 19950K(20416K)->19950K(20416K) NonClass: 17390K(17664K)->17390K(17664K) Class: 2560K(2752K)->2560K(2752K)
[2025-06-03T11:19:18.431+0530][14.619s] GC(5) Pause Young (Normal) (G1 Evacuation Pause) 307M->42M(514M) 115.610ms
[2025-06-03T11:19:18.431+0530][14.619s] GC(5) User=0.35s Sys=0.16s Real=0.12s
[2025-06-03T11:19:22.321+0530][18.509s] GC(6) Pause Young (Normal) (G1 Evacuation Pause)
[2025-06-03T11:19:22.321+0530][18.509s] GC(6) Using 8 workers of 8 for evacuation
[2025-06-03T11:19:22.409+0530][18.597s] GC(6) Skipped phase 1 of Reference Processing: no references
[2025-06-03T11:19:22.409+0530][18.597s] GC(6) ReferenceProcessor::execute queues: 1, RefProcThreadModel::Single, marks_oops_alive: false
[2025-06-03T11:19:22.409+0530][18.597s] GC(6) Skipped phase 3 of Reference Processing: no references
[2025-06-03T11:19:22.409+0530][18.597s] GC(6) ReferenceProcessor::execute queues: 1, RefProcThreadModel::Single, marks_oops_alive: false
[2025-06-03T11:19:22.410+0530][18.598s] GC(6)   Pre Evacuate Collection Set: 0.1ms
[2025-06-03T11:19:22.410+0530][18.598s] GC(6)   Merge Heap Roots: 0.1ms
[2025-06-03T11:19:22.410+0530][18.598s] GC(6)   Evacuate Collection Set: 87.3ms
[2025-06-03T11:19:22.410+0530][18.598s] GC(6)   Post Evacuate Collection Set: 0.7ms
[2025-06-03T11:19:22.410+0530][18.598s] GC(6)   Other: 0.2ms
[2025-06-03T11:19:22.410+0530][18.598s] GC(6) Eden regions: 282->0(282)
[2025-06-03T11:19:22.410+0530][18.598s] GC(6) Survivor regions: 25->25(39)
[2025-06-03T11:19:22.410+0530][18.598s] GC(6) Old regions: 17->29
[2025-06-03T11:19:22.410+0530][18.598s] GC(6) Archive regions: 2->2
[2025-06-03T11:19:22.410+0530][18.598s] GC(6) Humongous regions: 0->0
[2025-06-03T11:19:22.410+0530][18.598s] GC(6) Metaspace: 20169K(20672K)->20169K(20672K) NonClass: 17591K(17856K)->17591K(17856K) Class: 2578K(2816K)->2578K(2816K)
[2025-06-03T11:19:22.410+0530][18.598s] GC(6) Pause Young (Normal) (G1 Evacuation Pause) 324M->54M(514M) 88.520ms
[2025-06-03T11:19:22.410+0530][18.598s] GC(6) User=0.20s Sys=0.06s Real=0.09s
[2025-06-03T11:19:26.159+0530][22.347s] GC(7) Pause Young (Normal) (G1 Evacuation Pause)
[2025-06-03T11:19:26.159+0530][22.347s] GC(7) Using 8 workers of 8 for evacuation
[2025-06-03T11:19:26.249+0530][22.437s] GC(7) Skipped phase 1 of Reference Processing: no references
[2025-06-03T11:19:26.249+0530][22.437s] GC(7) ReferenceProcessor::execute queues: 1, RefProcThreadModel::Single, marks_oops_alive: false
[2025-06-03T11:19:26.249+0530][22.437s] GC(7) Skipped phase 3 of Reference Processing: no references
[2025-06-03T11:19:26.249+0530][22.437s] GC(7) Skipped phase 4 of Reference Processing: no references
[2025-06-03T11:19:26.249+0530][22.437s] GC(7)   Pre Evacuate Collection Set: 0.1ms
[2025-06-03T11:19:26.249+0530][22.437s] GC(7)   Merge Heap Roots: 0.1ms
[2025-06-03T11:19:26.249+0530][22.437s] GC(7)   Evacuate Collection Set: 89.6ms
[2025-06-03T11:19:26.249+0530][22.437s] GC(7)   Post Evacuate Collection Set: 0.5ms
[2025-06-03T11:19:26.249+0530][22.437s] GC(7)   Other: 0.2ms
[2025-06-03T11:19:26.249+0530][22.438s] GC(7) Eden regions: 282->0(282)
[2025-06-03T11:19:26.249+0530][22.438s] GC(7) Survivor regions: 25->25(39)
[2025-06-03T11:19:26.249+0530][22.438s] GC(7) Old regions: 29->42
[2025-06-03T11:19:26.249+0530][22.438s] GC(7) Archive regions: 2->2
[2025-06-03T11:19:26.249+0530][22.438s] GC(7) Humongous regions: 0->0
[2025-06-03T11:19:26.249+0530][22.438s] GC(7) Metaspace: 20211K(20736K)->20211K(20736K) NonClass: 17631K(17920K)->17631K(17920K) Class: 2579K(2816K)->2579K(2816K)
[2025-06-03T11:19:26.249+0530][22.438s] GC(7) Pause Young (Normal) (G1 Evacuation Pause) 336M->66M(514M) 90.723ms
[2025-06-03T11:19:26.249+0530][22.438s] GC(7) User=0.21s Sys=0.07s Real=0.09s
[2025-06-03T11:19:30.249+0530][26.437s] GC(8) Pause Young (Normal) (G1 Evacuation Pause)
[2025-06-03T11:19:30.249+0530][26.437s] GC(8) Using 8 workers of 8 for evacuation
[2025-06-03T11:19:30.344+0530][26.533s] GC(8) Skipped phase 1 of Reference Processing: no references
[2025-06-03T11:19:30.344+0530][26.533s] GC(8) Skipped phase 2 of Reference Processing: no references
[2025-06-03T11:19:30.344+0530][26.533s] GC(8) Skipped phase 3 of Reference Processing: no references
[2025-06-03T11:19:30.344+0530][26.533s] GC(8) Skipped phase 4 of Reference Processing: no references
[2025-06-03T11:19:30.345+0530][26.533s] GC(8)   Pre Evacuate Collection Set: 0.1ms
[2025-06-03T11:19:30.345+0530][26.533s] GC(8)   Merge Heap Roots: 0.1ms
[2025-06-03T11:19:30.345+0530][26.533s] GC(8)   Evacuate Collection Set: 95.0ms
[2025-06-03T11:19:30.345+0530][26.533s] GC(8)   Post Evacuate Collection Set: 0.5ms
[2025-06-03T11:19:30.345+0530][26.533s] GC(8)   Other: 0.2ms
[2025-06-03T11:19:30.345+0530][26.533s] GC(8) Eden regions: 282->0(283)
[2025-06-03T11:19:30.345+0530][26.533s] GC(8) Survivor regions: 25->24(39)
[2025-06-03T11:19:30.345+0530][26.533s] GC(8) Old regions: 42->54
[2025-06-03T11:19:30.345+0530][26.533s] GC(8) Archive regions: 2->2
[2025-06-03T11:19:30.345+0530][26.533s] GC(8) Humongous regions: 0->0
[2025-06-03T11:19:30.345+0530][26.533s] GC(8) Metaspace: 20248K(20736K)->20248K(20736K) NonClass: 17667K(17920K)->17667K(17920K) Class: 2580K(2816K)->2580K(2816K)
[2025-06-03T11:19:30.345+0530][26.533s] GC(8) Pause Young (Normal) (G1 Evacuation Pause) 348M->77M(514M) 96.116ms
[2025-06-03T11:19:30.345+0530][26.533s] GC(8) User=0.21s Sys=0.06s Real=0.10s
[2025-06-03T11:19:34.159+0530][30.347s] GC(9) Pause Young (Normal) (G1 Evacuation Pause)
[2025-06-03T11:19:34.159+0530][30.347s] GC(9) Using 8 workers of 8 for evacuation
[2025-06-03T11:19:34.256+0530][30.445s] GC(9) Skipped phase 1 of Reference Processing: no references
[2025-06-03T11:19:34.256+0530][30.445s] GC(9) Skipped phase 2 of Reference Processing: no references
[2025-06-03T11:19:34.256+0530][30.445s] GC(9) Skipped phase 3 of Reference Processing: no references
[2025-06-03T11:19:34.256+0530][30.445s] GC(9) Skipped phase 4 of Reference Processing: no references
[2025-06-03T11:19:34.257+0530][30.445s] GC(9)   Pre Evacuate Collection Set: 0.1ms
[2025-06-03T11:19:34.257+0530][30.445s] GC(9)   Merge Heap Roots: 0.1ms
[2025-06-03T11:19:34.257+0530][30.445s] GC(9)   Evacuate Collection Set: 97.2ms
[2025-06-03T11:19:34.257+0530][30.445s] GC(9)   Post Evacuate Collection Set: 0.5ms
[2025-06-03T11:19:34.257+0530][30.445s] GC(9)   Other: 0.2ms
[2025-06-03T11:19:34.257+0530][30.445s] GC(9) Eden regions: 283->0(283)
[2025-06-03T11:19:34.257+0530][30.445s] GC(9) Survivor regions: 24->24(39)
[2025-06-03T11:19:34.257+0530][30.445s] GC(9) Old regions: 54->66
[2025-06-03T11:19:34.257+0530][30.445s] GC(9) Archive regions: 2->2
[2025-06-03T11:19:34.257+0530][30.445s] GC(9) Humongous regions: 0->0
[2025-06-03T11:19:34.257+0530][30.445s] GC(9) Metaspace: 20307K(20800K)->20307K(20800K) NonClass: 17722K(17984K)->17722K(17984K) Class: 2585K(2816K)->2585K(2816K)
[2025-06-03T11:19:34.257+0530][30.446s] GC(9) Pause Young (Normal) (G1 Evacuation Pause) 360M->90M(514M) 98.251ms
[2025-06-03T11:19:34.257+0530][30.446s] GC(9) User=0.22s Sys=0.07s Real=0.10s
[2025-06-03T11:19:38.130+0530][34.319s] GC(10) Pause Young (Normal) (G1 Evacuation Pause)
[2025-06-03T11:19:38.130+0530][34.319s] GC(10) Using 8 workers of 8 for evacuation
[2025-06-03T11:19:38.232+0530][34.420s] GC(10) Skipped phase 1 of Reference Processing: no references
[2025-06-03T11:19:38.232+0530][34.420s] GC(10) Skipped phase 2 of Reference Processing: no references
[2025-06-03T11:19:38.232+0530][34.420s] GC(10) Skipped phase 3 of Reference Processing: no references
[2025-06-03T11:19:38.232+0530][34.420s] GC(10) Skipped phase 4 of Reference Processing: no references
[2025-06-03T11:19:38.232+0530][34.421s] GC(10)   Pre Evacuate Collection Set: 0.1ms
[2025-06-03T11:19:38.232+0530][34.421s] GC(10)   Merge Heap Roots: 0.1ms
[2025-06-03T11:19:38.232+0530][34.421s] GC(10)   Evacuate Collection Set: 101.4ms
[2025-06-03T11:19:38.232+0530][34.421s] GC(10)   Post Evacuate Collection Set: 0.6ms
[2025-06-03T11:19:38.232+0530][34.421s] GC(10)   Other: 0.2ms
[2025-06-03T11:19:38.232+0530][34.421s] GC(10) Eden regions: 283->0(282)
[2025-06-03T11:19:38.232+0530][34.421s] GC(10) Survivor regions: 24->25(39)
[2025-06-03T11:19:38.232+0530][34.421s] GC(10) Old regions: 66->78
[2025-06-03T11:19:38.232+0530][34.421s] GC(10) Archive regions: 2->2
[2025-06-03T11:19:38.232+0530][34.421s] GC(10) Humongous regions: 0->0
[2025-06-03T11:19:38.232+0530][34.421s] GC(10) Metaspace: 20329K(20800K)->20329K(20800K) NonClass: 17744K(17984K)->17744K(17984K) Class: 2585K(2816K)->2585K(2816K)
[2025-06-03T11:19:38.233+0530][34.421s] GC(10) Pause Young (Normal) (G1 Evacuation Pause) 373M->103M(514M) 102.496ms
[2025-06-03T11:19:38.233+0530][34.421s] GC(10) User=0.23s Sys=0.06s Real=0.10s
[2025-06-03T11:19:42.163+0530][38.351s] GC(11) Pause Young (Normal) (G1 Evacuation Pause)
[2025-06-03T11:19:42.163+0530][38.351s] GC(11) Using 8 workers of 8 for evacuation
[2025-06-03T11:19:42.260+0530][38.448s] GC(11) Skipped phase 1 of Reference Processing: no references
[2025-06-03T11:19:42.260+0530][38.448s] GC(11) Skipped phase 2 of Reference Processing: no references
[2025-06-03T11:19:42.260+0530][38.449s] GC(11) Skipped phase 3 of Reference Processing: no references
[2025-06-03T11:19:42.260+0530][38.449s] GC(11) Skipped phase 4 of Reference Processing: no references
[2025-06-03T11:19:42.260+0530][38.449s] GC(11)   Pre Evacuate Collection Set: 0.1ms
[2025-06-03T11:19:42.260+0530][38.449s] GC(11)   Merge Heap Roots: 0.1ms
[2025-06-03T11:19:42.260+0530][38.449s] GC(11)   Evacuate Collection Set: 96.8ms
[2025-06-03T11:19:42.260+0530][38.449s] GC(11)   Post Evacuate Collection Set: 0.5ms
[2025-06-03T11:19:42.260+0530][38.449s] GC(11)   Other: 0.2ms
[2025-06-03T11:19:42.260+0530][38.449s] GC(11) Eden regions: 282->0(282)
[2025-06-03T11:19:42.260+0530][38.449s] GC(11) Survivor regions: 25->25(39)
[2025-06-03T11:19:42.260+0530][38.449s] GC(11) Old regions: 78->90
[2025-06-03T11:19:42.260+0530][38.449s] GC(11) Archive regions: 2->2
[2025-06-03T11:19:42.260+0530][38.449s] GC(11) Humongous regions: 0->0
[2025-06-03T11:19:42.260+0530][38.449s] GC(11) Metaspace: 20345K(20800K)->20345K(20800K) NonClass: 17760K(17984K)->17760K(17984K) Class: 2585K(2816K)->2585K(2816K)
[2025-06-03T11:19:42.260+0530][38.449s] GC(11) Pause Young (Normal) (G1 Evacuation Pause) 385M->115M(514M) 97.820ms
[2025-06-03T11:19:42.260+0530][38.449s] GC(11) User=0.23s Sys=0.06s Real=0.10s
[2025-06-03T11:19:46.160+0530][42.349s] GC(12) Pause Young (Normal) (G1 Evacuation Pause)
[2025-06-03T11:19:46.160+0530][42.349s] GC(12) Using 8 workers of 8 for evacuation
[2025-06-03T11:19:46.258+0530][42.447s] GC(12) Skipped phase 1 of Reference Processing: no references
[2025-06-03T11:19:46.258+0530][42.447s] GC(12) Skipped phase 2 of Reference Processing: no references
[2025-06-03T11:19:46.258+0530][42.447s] GC(12) Skipped phase 3 of Reference Processing: no references
[2025-06-03T11:19:46.258+0530][42.447s] GC(12) Skipped phase 4 of Reference Processing: no references
[2025-06-03T11:19:46.258+0530][42.447s] GC(12)   Pre Evacuate Collection Set: 0.1ms
[2025-06-03T11:19:46.258+0530][42.447s] GC(12)   Merge Heap Roots: 0.1ms
[2025-06-03T11:19:46.259+0530][42.447s] GC(12)   Evacuate Collection Set: 97.9ms
[2025-06-03T11:19:46.259+0530][42.447s] GC(12)   Post Evacuate Collection Set: 0.4ms
[2025-06-03T11:19:46.259+0530][42.447s] GC(12)   Other: 0.2ms
[2025-06-03T11:19:46.259+0530][42.447s] GC(12) Eden regions: 282->0(281)
[2025-06-03T11:19:46.259+0530][42.447s] GC(12) Survivor regions: 25->26(39)
[2025-06-03T11:19:46.259+0530][42.447s] GC(12) Old regions: 90->102
[2025-06-03T11:19:46.259+0530][42.447s] GC(12) Archive regions: 2->2
[2025-06-03T11:19:46.259+0530][42.447s] GC(12) Humongous regions: 0->0
[2025-06-03T11:19:46.259+0530][42.447s] GC(12) Metaspace: 20362K(20864K)->20362K(20864K) NonClass: 17777K(18048K)->17777K(18048K) Class: 2585K(2816K)->2585K(2816K)
[2025-06-03T11:19:46.259+0530][42.447s] GC(12) Pause Young (Normal) (G1 Evacuation Pause) 397M->128M(514M) 98.854ms
[2025-06-03T11:19:46.259+0530][42.448s] GC(12) User=0.22s Sys=0.07s Real=0.09s
[2025-06-03T11:19:50.147+0530][46.336s] GC(13) Pause Young (Normal) (G1 Evacuation Pause)
[2025-06-03T11:19:50.147+0530][46.336s] GC(13) Using 8 workers of 8 for evacuation
[2025-06-03T11:19:50.247+0530][46.436s] GC(13) Skipped phase 1 of Reference Processing: no references
[2025-06-03T11:19:50.247+0530][46.436s] GC(13) Skipped phase 2 of Reference Processing: no references
[2025-06-03T11:19:50.247+0530][46.436s] GC(13) Skipped phase 3 of Reference Processing: no references
[2025-06-03T11:19:50.247+0530][46.436s] GC(13) Skipped phase 4 of Reference Processing: no references
[2025-06-03T11:19:50.247+0530][46.436s] GC(13)   Pre Evacuate Collection Set: 0.2ms
[2025-06-03T11:19:50.247+0530][46.436s] GC(13)   Merge Heap Roots: 0.1ms
[2025-06-03T11:19:50.247+0530][46.436s] GC(13)   Evacuate Collection Set: 99.5ms
[2025-06-03T11:19:50.247+0530][46.436s] GC(13)   Post Evacuate Collection Set: 0.4ms
[2025-06-03T11:19:50.247+0530][46.436s] GC(13)   Other: 0.2ms
[2025-06-03T11:19:50.248+0530][46.437s] GC(13) Eden regions: 281->0(282)
[2025-06-03T11:19:50.248+0530][46.437s] GC(13) Survivor regions: 26->25(39)
[2025-06-03T11:19:50.248+0530][46.437s] GC(13) Old regions: 102->115
[2025-06-03T11:19:50.248+0530][46.437s] GC(13) Archive regions: 2->2
[2025-06-03T11:19:50.248+0530][46.437s] GC(13) Humongous regions: 0->0
[2025-06-03T11:19:50.248+0530][46.437s] GC(13) Metaspace: 20375K(20864K)->20375K(20864K) NonClass: 17790K(18048K)->17790K(18048K) Class: 2585K(2816K)->2585K(2816K)
[2025-06-03T11:19:50.248+0530][46.437s] GC(13) Pause Young (Normal) (G1 Evacuation Pause) 409M->139M(514M) 100.569ms
[2025-06-03T11:19:50.248+0530][46.437s] GC(13) User=0.22s Sys=0.06s Real=0.10s
[2025-06-03T11:19:54.309+0530][50.498s] GC(14) Pause Young (Normal) (G1 Evacuation Pause)
[2025-06-03T11:19:54.309+0530][50.498s] GC(14) Using 8 workers of 8 for evacuation
[2025-06-03T11:19:54.409+0530][50.599s] GC(14) Skipped phase 1 of Reference Processing: no references
[2025-06-03T11:19:54.409+0530][50.599s] GC(14) Skipped phase 2 of Reference Processing: no references
[2025-06-03T11:19:54.409+0530][50.599s] GC(14) Skipped phase 3 of Reference Processing: no references
[2025-06-03T11:19:54.409+0530][50.599s] GC(14) Skipped phase 4 of Reference Processing: no references
[2025-06-03T11:19:54.410+0530][50.599s] GC(14)   Pre Evacuate Collection Set: 0.1ms
[2025-06-03T11:19:54.410+0530][50.599s] GC(14)   Merge Heap Roots: 0.1ms
[2025-06-03T11:19:54.410+0530][50.599s] GC(14)   Evacuate Collection Set: 99.9ms
[2025-06-03T11:19:54.410+0530][50.599s] GC(14)   Post Evacuate Collection Set: 0.5ms
[2025-06-03T11:19:54.410+0530][50.599s] GC(14)   Other: 0.2ms
[2025-06-03T11:19:54.410+0530][50.599s] GC(14) Eden regions: 282->0(281)
[2025-06-03T11:19:54.410+0530][50.599s] GC(14) Survivor regions: 25->25(39)
[2025-06-03T11:19:54.410+0530][50.599s] GC(14) Old regions: 115->127
[2025-06-03T11:19:54.410+0530][50.599s] GC(14) Archive regions: 2->2
[2025-06-03T11:19:54.410+0530][50.599s] GC(14) Humongous regions: 0->0
[2025-06-03T11:19:54.410+0530][50.599s] GC(14) Metaspace: 20396K(20864K)->20396K(20864K) NonClass: 17811K(18048K)->17811K(18048K) Class: 2585K(2816K)->2585K(2816K)
[2025-06-03T11:19:54.410+0530][50.599s] GC(14) Pause Young (Normal) (G1 Evacuation Pause) 421M->151M(514M) 100.895ms
[2025-06-03T11:19:54.410+0530][50.599s] GC(14) User=0.23s Sys=0.06s Real=0.11s
[2025-06-03T11:19:58.416+0530][54.605s] GC(15) Pause Young (Normal) (G1 Evacuation Pause)
[2025-06-03T11:19:58.416+0530][54.605s] GC(15) Using 8 workers of 8 for evacuation
[2025-06-03T11:19:58.515+0530][54.704s] GC(15) Skipped phase 1 of Reference Processing: no references
[2025-06-03T11:19:58.515+0530][54.704s] GC(15) Skipped phase 2 of Reference Processing: no references
[2025-06-03T11:19:58.515+0530][54.704s] GC(15) Skipped phase 3 of Reference Processing: no references
[2025-06-03T11:19:58.515+0530][54.704s] GC(15) Skipped phase 4 of Reference Processing: no references
[2025-06-03T11:19:58.515+0530][54.705s] GC(15)   Pre Evacuate Collection Set: 0.1ms
[2025-06-03T11:19:58.515+0530][54.705s] GC(15)   Merge Heap Roots: 0.1ms
[2025-06-03T11:19:58.515+0530][54.705s] GC(15)   Evacuate Collection Set: 98.7ms
[2025-06-03T11:19:58.515+0530][54.705s] GC(15)   Post Evacuate Collection Set: 0.4ms
[2025-06-03T11:19:58.515+0530][54.705s] GC(15)   Other: 0.2ms
[2025-06-03T11:19:58.515+0530][54.705s] GC(15) Eden regions: 281->0(271)
[2025-06-03T11:19:58.515+0530][54.705s] GC(15) Survivor regions: 25->25(39)
[2025-06-03T11:19:58.515+0530][54.705s] GC(15) Old regions: 127->139
[2025-06-03T11:19:58.515+0530][54.705s] GC(15) Archive regions: 2->2
[2025-06-03T11:19:58.515+0530][54.705s] GC(15) Humongous regions: 0->0
[2025-06-03T11:19:58.515+0530][54.705s] GC(15) Metaspace: 20433K(20928K)->20433K(20928K) NonClass: 17848K(18112K)->17848K(18112K) Class: 2585K(2816K)->2585K(2816K)
[2025-06-03T11:19:58.515+0530][54.705s] GC(15) Pause Young (Normal) (G1 Evacuation Pause) 432M->164M(514M) 99.644ms
[2025-06-03T11:19:58.515+0530][54.705s] GC(15) User=0.22s Sys=0.06s Real=0.10s
[2025-06-03T11:20:02.339+0530][58.529s] GC(16) Pause Young (Normal) (G1 Evacuation Pause)
[2025-06-03T11:20:02.339+0530][58.529s] GC(16) Using 8 workers of 8 for evacuation
[2025-06-03T11:20:02.438+0530][58.628s] GC(16) Skipped phase 1 of Reference Processing: no references
[2025-06-03T11:20:02.439+0530][58.628s] GC(16) Skipped phase 2 of Reference Processing: no references
[2025-06-03T11:20:02.439+0530][58.628s] GC(16) Skipped phase 3 of Reference Processing: no references
[2025-06-03T11:20:02.439+0530][58.628s] GC(16) Skipped phase 4 of Reference Processing: no references
[2025-06-03T11:20:02.439+0530][58.628s] GC(16)   Pre Evacuate Collection Set: 0.1ms
[2025-06-03T11:20:02.439+0530][58.628s] GC(16)   Merge Heap Roots: 0.1ms
[2025-06-03T11:20:02.439+0530][58.628s] GC(16)   Evacuate Collection Set: 98.7ms
[2025-06-03T11:20:02.439+0530][58.628s] GC(16)   Post Evacuate Collection Set: 0.5ms
[2025-06-03T11:20:02.439+0530][58.628s] GC(16)   Other: 0.3ms
[2025-06-03T11:20:02.439+0530][58.629s] GC(16) Eden regions: 271->0(261)
[2025-06-03T11:20:02.439+0530][58.629s] GC(16) Survivor regions: 25->24(37)
[2025-06-03T11:20:02.439+0530][58.629s] GC(16) Old regions: 139->151
[2025-06-03T11:20:02.439+0530][58.629s] GC(16) Archive regions: 2->2
[2025-06-03T11:20:02.439+0530][58.629s] GC(16) Humongous regions: 0->0
[2025-06-03T11:20:02.439+0530][58.629s] GC(16) Metaspace: 20438K(20928K)->20438K(20928K) NonClass: 17853K(18112K)->17853K(18112K) Class: 2585K(2816K)->2585K(2816K)
[2025-06-03T11:20:02.439+0530][58.629s] GC(16) Pause Young (Normal) (G1 Evacuation Pause) 435M->175M(514M) 99.854ms
[2025-06-03T11:20:02.439+0530][58.629s] GC(16) User=0.22s Sys=0.06s Real=0.10s
[2025-06-03T11:20:06.193+0530][62.382s] GC(17) Pause Young (Normal) (G1 Evacuation Pause)
[2025-06-03T11:20:06.193+0530][62.382s] GC(17) Using 8 workers of 8 for evacuation
[2025-06-03T11:20:06.291+0530][62.480s] GC(17) Skipped phase 1 of Reference Processing: no references
[2025-06-03T11:20:06.291+0530][62.480s] GC(17) Skipped phase 2 of Reference Processing: no references
[2025-06-03T11:20:06.291+0530][62.480s] GC(17) Skipped phase 3 of Reference Processing: no references
[2025-06-03T11:20:06.291+0530][62.480s] GC(17) Skipped phase 4 of Reference Processing: no references
[2025-06-03T11:20:06.291+0530][62.481s] GC(17)   Pre Evacuate Collection Set: 0.1ms
[2025-06-03T11:20:06.291+0530][62.481s] GC(17)   Merge Heap Roots: 0.1ms
[2025-06-03T11:20:06.291+0530][62.481s] GC(17)   Evacuate Collection Set: 97.3ms
[2025-06-03T11:20:06.291+0530][62.481s] GC(17)   Post Evacuate Collection Set: 0.5ms
[2025-06-03T11:20:06.291+0530][62.481s] GC(17)   Other: 0.2ms
[2025-06-03T11:20:06.291+0530][62.481s] GC(17) Eden regions: 261->0(251)
[2025-06-03T11:20:06.291+0530][62.481s] GC(17) Survivor regions: 24->23(36)
[2025-06-03T11:20:06.291+0530][62.481s] GC(17) Old regions: 151->163
[2025-06-03T11:20:06.291+0530][62.481s] GC(17) Archive regions: 2->2
[2025-06-03T11:20:06.291+0530][62.481s] GC(17) Humongous regions: 0->0
[2025-06-03T11:20:06.291+0530][62.481s] GC(17) Metaspace: 20444K(20928K)->20444K(20928K) NonClass: 17859K(18112K)->17859K(18112K) Class: 2585K(2816K)->2585K(2816K)
[2025-06-03T11:20:06.291+0530][62.481s] GC(17) Pause Young (Normal) (G1 Evacuation Pause) 436M->186M(514M) 98.397ms
[2025-06-03T11:20:06.291+0530][62.481s] GC(17) User=0.22s Sys=0.06s Real=0.10s
[2025-06-03T11:20:09.877+0530][66.067s] GC(18) Pause Young (Normal) (G1 Evacuation Pause)
[2025-06-03T11:20:09.877+0530][66.067s] GC(18) Using 8 workers of 8 for evacuation
[2025-06-03T11:20:09.967+0530][66.157s] GC(18) Skipped phase 1 of Reference Processing: no references
[2025-06-03T11:20:09.967+0530][66.157s] GC(18) Skipped phase 2 of Reference Processing: no references
[2025-06-03T11:20:09.967+0530][66.157s] GC(18) Skipped phase 3 of Reference Processing: no references
[2025-06-03T11:20:09.967+0530][66.157s] GC(18) Skipped phase 4 of Reference Processing: no references
[2025-06-03T11:20:09.968+0530][66.157s] GC(18)   Pre Evacuate Collection Set: 0.1ms
[2025-06-03T11:20:09.968+0530][66.157s] GC(18)   Merge Heap Roots: 0.1ms
[2025-06-03T11:20:09.968+0530][66.157s] GC(18)   Evacuate Collection Set: 89.8ms
[2025-06-03T11:20:09.968+0530][66.157s] GC(18)   Post Evacuate Collection Set: 0.4ms
[2025-06-03T11:20:09.968+0530][66.157s] GC(18)   Other: 0.2ms
[2025-06-03T11:20:09.968+0530][66.157s] GC(18) Eden regions: 251->0(241)
[2025-06-03T11:20:09.968+0530][66.158s] GC(18) Survivor regions: 23->22(35)
[2025-06-03T11:20:09.968+0530][66.158s] GC(18) Old regions: 163->175
[2025-06-03T11:20:09.968+0530][66.158s] GC(18) Archive regions: 2->2
[2025-06-03T11:20:09.968+0530][66.158s] GC(18) Humongous regions: 0->0
[2025-06-03T11:20:09.968+0530][66.158s] GC(18) Metaspace: 20464K(20928K)->20464K(20928K) NonClass: 17879K(18112K)->17879K(18112K) Class: 2585K(2816K)->2585K(2816K)
[2025-06-03T11:20:09.968+0530][66.158s] GC(18) Pause Young (Normal) (G1 Evacuation Pause) 437M->197M(514M) 90.796ms
[2025-06-03T11:20:09.968+0530][66.158s] GC(18) User=0.21s Sys=0.06s Real=0.09s
[2025-06-03T11:20:13.291+0530][69.481s] GC(19) Pause Young (Normal) (G1 Evacuation Pause)
[2025-06-03T11:20:13.291+0530][69.481s] GC(19) Using 8 workers of 8 for evacuation
[2025-06-03T11:20:13.380+0530][69.569s] GC(19) Skipped phase 1 of Reference Processing: no references
[2025-06-03T11:20:13.380+0530][69.569s] GC(19) Skipped phase 2 of Reference Processing: no references
[2025-06-03T11:20:13.380+0530][69.569s] GC(19) Skipped phase 3 of Reference Processing: no references
[2025-06-03T11:20:13.380+0530][69.569s] GC(19) Skipped phase 4 of Reference Processing: no references
[2025-06-03T11:20:13.380+0530][69.570s] GC(19)   Pre Evacuate Collection Set: 0.1ms
[2025-06-03T11:20:13.380+0530][69.570s] GC(19)   Merge Heap Roots: 0.1ms
[2025-06-03T11:20:13.380+0530][69.570s] GC(19)   Evacuate Collection Set: 87.9ms
[2025-06-03T11:20:13.380+0530][69.570s] GC(19)   Post Evacuate Collection Set: 0.4ms
[2025-06-03T11:20:13.380+0530][69.570s] GC(19)   Other: 0.2ms
[2025-06-03T11:20:13.380+0530][69.570s] GC(19) Eden regions: 241->0(230)
[2025-06-03T11:20:13.380+0530][69.570s] GC(19) Survivor regions: 22->22(33)
[2025-06-03T11:20:13.380+0530][69.570s] GC(19) Old regions: 175->186
[2025-06-03T11:20:13.380+0530][69.570s] GC(19) Archive regions: 2->2
[2025-06-03T11:20:13.380+0530][69.570s] GC(19) Humongous regions: 0->0
[2025-06-03T11:20:13.380+0530][69.570s] GC(19) Metaspace: 20469K(20928K)->20469K(20928K) NonClass: 17884K(18112K)->17884K(18112K) Class: 2585K(2816K)->2585K(2816K)
[2025-06-03T11:20:13.380+0530][69.570s] GC(19) Pause Young (Normal) (G1 Evacuation Pause) 438M->208M(514M) 88.840ms
[2025-06-03T11:20:13.380+0530][69.570s] GC(19) User=0.20s Sys=0.06s Real=0.09s
[2025-06-03T11:20:22.790+0530][78.980s] GC(20) Pause Young (Normal) (G1 Evacuation Pause)
[2025-06-03T11:20:22.790+0530][78.980s] GC(20) Using 8 workers of 8 for evacuation
[2025-06-03T11:20:22.875+0530][79.065s] GC(20) Skipped phase 1 of Reference Processing: no references
[2025-06-03T11:20:22.875+0530][79.065s] GC(20) Skipped phase 2 of Reference Processing: no references
[2025-06-03T11:20:22.875+0530][79.065s] GC(20) Skipped phase 3 of Reference Processing: no references
[2025-06-03T11:20:22.875+0530][79.065s] GC(20) ReferenceProcessor::execute queues: 1, RefProcThreadModel::Single, marks_oops_alive: false
[2025-06-03T11:20:22.875+0530][79.066s] GC(20)   Pre Evacuate Collection Set: 0.3ms
[2025-06-03T11:20:22.875+0530][79.066s] GC(20)   Merge Heap Roots: 0.1ms
[2025-06-03T11:20:22.875+0530][79.066s] GC(20)   Evacuate Collection Set: 84.2ms
[2025-06-03T11:20:22.875+0530][79.066s] GC(20)   Post Evacuate Collection Set: 0.6ms
[2025-06-03T11:20:22.875+0530][79.066s] GC(20)   Other: 0.5ms
[2025-06-03T11:20:22.876+0530][79.066s] GC(20) Eden regions: 230->0(221)
[2025-06-03T11:20:22.876+0530][79.066s] GC(20) Survivor regions: 22->21(32)
[2025-06-03T11:20:22.876+0530][79.066s] GC(20) Old regions: 186->197
[2025-06-03T11:20:22.876+0530][79.066s] GC(20) Archive regions: 2->2
[2025-06-03T11:20:22.876+0530][79.066s] GC(20) Humongous regions: 0->0
[2025-06-03T11:20:22.876+0530][79.066s] GC(20) Metaspace: 20479K(20992K)->20479K(20992K) NonClass: 17894K(18176K)->17894K(18176K) Class: 2585K(2816K)->2585K(2816K)
[2025-06-03T11:20:22.876+0530][79.066s] GC(20) Pause Young (Normal) (G1 Evacuation Pause) 438M->218M(514M) 85.878ms
[2025-06-03T11:20:22.876+0530][79.066s] GC(20) User=0.21s Sys=0.06s Real=0.08s
[2025-06-03T11:20:24.307+0530][80.497s] Heap
[2025-06-03T11:20:24.307+0530][80.497s]  garbage-first heap   total 526336K, used 337333K [0x0000000780000000, 0x0000000800000000)
[2025-06-03T11:20:24.307+0530][80.497s]   region size 1024K, 133 young (136192K), 21 survivors (21504K)
[2025-06-03T11:20:24.307+0530][80.497s]  Metaspace       used 20496K, committed 20992K, reserved 180224K
[2025-06-03T11:20:24.307+0530][80.497s]   class space    used 2591K, committed 2816K, reserved 114688K
